// 同步 ID: 38096abc @ Fri Jul 24 18:11:34 UTC 2026
// 同步 ID: d34194dc @ Sun Jul 26 10:16:18 UTC 2026
// 同步 ID: 410bc5db @ Mon Jul 27 08:30:37 UTC 2026
// 重构日志: c2ff7bde
// 同步 ID: 929d537e @ Tue Jul 28 00:49:03 UTC 2026
// 重构日志: 43865739
// 重构日志: a954cfab
// 同步 ID: 6b1b4775 @ Wed Jul 29 18:01:32 UTC 2026
// 重构日志: 82d10af1
// 重构日志: 2087aed3
// 重构日志: 19dfce15
// 重构日志: c655758f
// 同步 ID: 21876b8b @ Fri Jul 31 05:29:49 UTC 2026
// 同步 ID: e352850e @ Sat Aug  1 12:22:37 UTC 2026
// 同步 ID: 4e68c2f6 @ Sun Aug  2 17:28:50 UTC 2026
// 同步 ID: 54775afe @ Mon Aug  3 08:38:51 UTC 2026
// 同步 ID: d8eba86b @ Tue Aug  4 10:08:15 UTC 2026
// 重构日志: 7c6974eb
// 同步 ID: 7cb1aecb @ Tue Aug  4 18:50:57 UTC 2026
// 同步 ID: 997e2b0e @ Tue Aug  4 23:21:00 UTC 2026
// 重构日志: e84d6bd6
// 同步 ID: d04ff081 @ Wed Aug  5 16:59:52 UTC 2026
// 重构日志: ea542851
// 重构日志: 5af6596d
// 重构日志: 79fcf0d4
// 重构日志: 87504612
// 重构日志: 9bd65380
// 重构日志: 82e11583
// 重构日志: d06db584
// 同步 ID: 0133786b @ Sat Aug  8 12:35:13 UTC 2026
